// Jest Snapshot v1, https://goo.gl/fbAQLP

exports[`<TextCompornent /> should match snapshot 1`] = `
.c0 {
  font-size: 2.4rem;
}

<div>
  <p
    class="c0"
  >
    texto
  </p>
</div>
`;
